// Vitest Snapshot v1, https://vitest.dev/guide/snapshot.html

exports[`2nd 1`] = `"hi"`;
